# Canonical first-party error codes — the build-time stability lock (ADR-0024 D5-5).
# Sorted, one <domain>.<symbol> per line. The ErrorCodeGatesTest diffs the scanned codes
# against this file. Adding a code = append it here in the same change set; renaming or
# removing one = a breaking change to an external contract (review + major version).
# @Deprecated codes stay listed as tombstones until intentionally retired.
boot.hazelcast-unavailable
cli.artifact-exists
cli.connect-failed
cli.kind-dir-mismatch
cli.not-authenticated
cli.not-connected
cli.resource-not-found
cli.unknown-connector
connector.api-level-incompatible
connector.capture-failed
connector.class-not-found
connector.load-failed
connector.projection-failed
connector.write-failed
control.audit-blocked
control.auth-failed
control.bootstrap-closed
control.bootstrap-forbidden
control.forbidden
control.malformed-request
control.unauthenticated
dsl.ambiguous-reference
dsl.composition
dsl.config-type-mismatch
dsl.duplicate-id
dsl.forbidden-field
dsl.illegal-expression
dsl.illegal-value
dsl.invalid-config-value
dsl.malformed-yaml
dsl.missing-reference
dsl.mode-mismatch
dsl.unknown-field
dsl.unsupported-mode
engine.no-such-job
io.document-unreadable
io.store-unauthorized
io.store-unavailable
lifecycle.illegal-transition
lifecycle.incompatible-revision
lifecycle.unknown-pipeline
monitor.no-observation
role.unsupported
store.invalid-uri
store.not-replica-set
store.tls-ca-unreadable
store.unreachable
